[backblue.gif]
[fade.gif]
[index.html]
[gamesfaucet.com/images/gamesfaucet.png]
[gamesfaucet.com/favicon.ico]
[gamesfaucet.com/vendor/traceur-runtime/traceur-runtime.min.js]
[gamesfaucet.com/vendor/systemjs/dist/system.js]
[gamesfaucet.com/vendor/seiyria-bootstrap-slider/dist/bootstrap-slider.min.js]
[code.angularjs.org/2.0.0-alpha.34/angular2.min.js]
[www.google.com/recaptcha/api8ce2.js]
[gamesfaucet.com/vendor/fabric/dist/fabric.min.js]
[www.google-analytics.com/analytics.js]
[gamesfaucet.com/index.html]
[gamesfaucet.com/vendor/bootstrap/dist/fonts/glyphicons-halflings-regular.eot]
[gamesfaucet.com/vendor/bootstrap/dist/fonts/glyphicons-halflings-regular.woff2]
[gamesfaucet.com/vendor/bootstrap/dist/fonts/glyphicons-halflings-regulard41d.eot]
[gamesfaucet.com/vendor/bootstrap/dist/fonts/glyphicons-halflings-regular.woff]
[gamesfaucet.com/vendor/bootstrap/dist/fonts/glyphicons-halflings-regular.ttf]
[gamesfaucet.com/vendor/bootstrap/dist/css/bootstrap.min.css]
[gamesfaucet.com/assets/img/patterns/15.png]
[gamesfaucet.com/assets/img/patterns/breadcrumbs.png]
[gamesfaucet.com/assets/img/patterns/17.png]
[gamesfaucet.com/assets/img/bg/16.jpg]
[gamesfaucet.com/assets/css/style.css]
[gamesfaucet.com/assets/css/headers/header-default.css]
[gamesfaucet.com/assets/plugins/font-awesome/fonts/fontawesome-webfonte0a5.eot]
[gamesfaucet.com/assets/plugins/font-awesome/fonts/fontawesome-webfontd41d.eot]
[gamesfaucet.com/assets/plugins/font-awesome/fonts/fontawesome-webfonte0a5.woff2]
[gamesfaucet.com/assets/plugins/font-awesome/fonts/fontawesome-webfonte0a5.woff]
[gamesfaucet.com/assets/plugins/font-awesome/fonts/fontawesome-webfonte0a5.ttf]
[gamesfaucet.com/assets/plugins/font-awesome/css/font-awesome.min.css]
[gamesfaucet.com/assets/css/theme-colors/teal.css]
[gamesfaucet.com/assets/img/patterns/4.png]
[gamesfaucet.com/assets/img/patterns/5.png]
[gamesfaucet.com/assets/css/theme-skins/dark.css]
[gamesfaucet.com/vendor/seiyria-bootstrap-slider/dist/css/bootstrap-slider.min.css]
[gamesfaucet.com/css/style.css]
[code.angularjs.org/2.0.0-alpha.34/angular2.min.js]
[gamesfaucet.com/bootstrap.html]
[gamesfaucet.com/vendor/bootstrap/dist/fonts/glyphicons-halflings-regular.svg]
[gamesfaucet.com/assets/img/breadcrumbs/img1.jpg]
[gamesfaucet.com/assets/img/bg/11.jpg]
[gamesfaucet.com/assets/img/breadcrumbs/img2.jpg]
[gamesfaucet.com/assets/img/breadcrumbs/img3.jpg]
[gamesfaucet.com/assets/img/patterns/16.png]
[gamesfaucet.com/assets/img/bg/7.jpg]
[gamesfaucet.com/assets/img/team/faces.jpg]
[gamesfaucet.com/assets/img/patterns/gridtile.png]
[gamesfaucet.com/assets/img/bg/25.jpg]
[gamesfaucet.com/assets/img/bg/19.jpg]
[gamesfaucet.com/assets/img/bg/18.jpg]
[gamesfaucet.com/assets/img/bg/14.jpg]
[gamesfaucet.com/assets/css/blocks.css]
[gamesfaucet.com/assets/css/plugins.css]
[gamesfaucet.com/assets/img/icons/social/amazon.png]
[gamesfaucet.com/assets/img/icons/social/behance.png]
[gamesfaucet.com/assets/img/icons/social/blogger.png]
[gamesfaucet.com/assets/img/icons/social/deviantart.png]
[gamesfaucet.com/assets/img/icons/social/dribbble.png]
[gamesfaucet.com/assets/img/icons/social/dropbox.png]
[gamesfaucet.com/assets/img/icons/social/evernote.png]
[gamesfaucet.com/assets/img/icons/social/facebook.png]
[gamesfaucet.com/assets/img/icons/social/forrst.png]
[gamesfaucet.com/assets/img/icons/social/github.png]
[gamesfaucet.com/assets/img/icons/social/googleplus.png]
[gamesfaucet.com/assets/img/icons/social/jolicloud.png]
[gamesfaucet.com/assets/img/icons/social/last-fm.png]
[gamesfaucet.com/assets/img/icons/social/linkedin.png]
[gamesfaucet.com/assets/img/icons/social/picasa.png]
[gamesfaucet.com/assets/img/icons/social/pintrest.png]
[gamesfaucet.com/assets/img/icons/social/rss.png]
[gamesfaucet.com/assets/img/icons/social/skype.png]
[gamesfaucet.com/assets/img/icons/social/spotify.png]
[gamesfaucet.com/assets/img/icons/social/stumbleupon.png]
[gamesfaucet.com/assets/img/icons/social/tumblr.png]
[gamesfaucet.com/assets/img/icons/social/twitter.png]
[gamesfaucet.com/assets/img/icons/social/vimeo.png]
[gamesfaucet.com/assets/img/icons/social/wordpress.png]
[gamesfaucet.com/assets/img/icons/social/xing.png]
[gamesfaucet.com/assets/img/icons/social/yahoo.png]
[gamesfaucet.com/assets/img/icons/social/youtube.png]
[gamesfaucet.com/assets/img/icons/social/vk.png]
[gamesfaucet.com/assets/img/icons/social/instagram.png]
[gamesfaucet.com/assets/css/app.css]
[gamesfaucet.com/assets/img/breadcrumbs.html]
[gamesfaucet.com/assets/img/bg-black.html]
[gamesfaucet.com/assets/plugins/font-awesome/fonts/fontawesome-webfonte0a5.svg]
